[0m12:42:33.780415 [debug] [MainThread]: Sending event: {'category': 'dbt', 'action': 'invocation', 'label': 'start', 'context': [<snowplow_tracker.self_describing_json.SelfDescribingJson object at 0x10beaef90>, <snowplow_tracker.self_describing_json.SelfDescribingJson object at 0x10d497890>, <snowplow_tracker.self_describing_json.SelfDescribingJson object at 0x10d497610>]}


============================== 12:42:33.782628 | b2ea98c1-3b34-43cd-b15a-586832d22420 ==============================
[0m12:42:33.782628 [info ] [MainThread]: Running with dbt=1.11.2
[0m12:42:33.782880 [debug] [MainThread]: running dbt with arguments {'use_colors': 'True', 'no_print': 'None', 'fail_fast': 'False', 'log_cache_events': 'False', 'use_experimental_parser': 'False', 'version_check': 'True', 'invocation_command': 'dbt init --skip-profile-setup airbnb', 'target_path': 'None', 'static_parser': 'True', 'empty': 'None', 'cache_selected_only': 'False', 'write_json': 'True', 'quiet': 'False', 'log_path': 'logs', 'send_anonymous_usage_stats': 'True', 'partial_parse': 'True', 'introspect': 'True', 'warn_error_options': 'WarnErrorOptionsV2(error=[], warn=[], silence=[])', 'profiles_dir': '/Users/vamsi.sundaraneedi/.dbt', 'warn_error': 'None', 'debug': 'False', 'indirect_selection': 'eager', 'printer_width': '80', 'log_format': 'default'}
[0m12:42:33.806957 [info ] [MainThread]: Creating dbt configuration folder at /Users/vamsi.sundaraneedi/.dbt
[0m12:42:33.808053 [debug] [MainThread]: Starter project path: /Users/vamsi.sundaraneedi/Documents/git_repos/dbt-course/.venv/lib/python3.13/site-packages/dbt/include/starter_project
[0m12:42:33.811537 [info ] [MainThread]: 
Your new dbt project "airbnb" was created!

For more information on how to configure the profiles.yml file,
please consult the dbt documentation here:

  https://docs.getdbt.com/docs/configure-your-profile

One more thing:

Need help? Don't hesitate to reach out to us via GitHub issues or on Slack:

  https://community.getdbt.com/

Happy modeling!

[0m12:42:33.837249 [debug] [MainThread]: Resource report: {"command_name": "init", "command_success": true, "command_wall_clock_time": 0.088859, "process_in_blocks": "0", "process_kernel_time": 0.105012, "process_mem_max_rss": "114786304", "process_out_blocks": "0", "process_user_time": 0.506107}
[0m12:42:33.837547 [debug] [MainThread]: Command `dbt init` succeeded at 12:42:33.837496 after 0.09 seconds
[0m12:42:33.837686 [debug] [MainThread]: Sending event: {'category': 'dbt', 'action': 'invocation', 'label': 'end', 'context': [<snowplow_tracker.self_describing_json.SelfDescribingJson object at 0x10d5ec2b0>, <snowplow_tracker.self_describing_json.SelfDescribingJson object at 0x10d5eb9b0>, <snowplow_tracker.self_describing_json.SelfDescribingJson object at 0x10d327df0>]}
[0m12:42:33.837826 [debug] [MainThread]: Flushing usage events
[0m12:42:34.771078 [debug] [MainThread]: An error was encountered while trying to flush usage events
[0m13:36:01.815194 [debug] [MainThread]: Sending event: {'category': 'dbt', 'action': 'invocation', 'label': 'start', 'context': [<snowplow_tracker.self_describing_json.SelfDescribingJson object at 0x10886af90>, <snowplow_tracker.self_describing_json.SelfDescribingJson object at 0x109e5b9d0>, <snowplow_tracker.self_describing_json.SelfDescribingJson object at 0x109e5b750>]}


============================== 13:36:01.817578 | 76bd9ffd-8a32-45e1-91f6-4613e9f4defc ==============================
[0m13:36:01.817578 [info ] [MainThread]: Running with dbt=1.11.2
[0m13:36:01.817819 [debug] [MainThread]: running dbt with arguments {'use_colors': 'True', 'target_path': 'None', 'partial_parse': 'True', 'send_anonymous_usage_stats': 'True', 'printer_width': '80', 'static_parser': 'True', 'version_check': 'True', 'warn_error': 'None', 'write_json': 'True', 'profiles_dir': '/Users/vamsi.sundaraneedi/.dbt', 'log_format': 'default', 'empty': 'None', 'log_cache_events': 'False', 'invocation_command': 'dbt debug', 'indirect_selection': 'eager', 'use_experimental_parser': 'False', 'cache_selected_only': 'False', 'debug': 'False', 'log_path': 'logs', 'no_print': 'None', 'quiet': 'False', 'fail_fast': 'False', 'introspect': 'True', 'warn_error_options': 'WarnErrorOptionsV2(error=[], warn=[], silence=[])'}
[0m13:36:01.827575 [info ] [MainThread]: dbt version: 1.11.2
[0m13:36:01.827753 [info ] [MainThread]: python version: 3.13.9
[0m13:36:01.827856 [info ] [MainThread]: python path: /Users/vamsi.sundaraneedi/Documents/git_repos/dbt-course/.venv/bin/python
[0m13:36:01.827947 [info ] [MainThread]: os info: macOS-26.2-arm64-arm-64bit-Mach-O
[0m13:36:01.828046 [info ] [MainThread]: Using profiles dir at /Users/vamsi.sundaraneedi/.dbt
[0m13:36:01.828128 [info ] [MainThread]: Using profiles.yml file at /Users/vamsi.sundaraneedi/.dbt/profiles.yml
[0m13:36:01.828210 [info ] [MainThread]: Using dbt_project.yml file at /Users/vamsi.sundaraneedi/Documents/git_repos/dbt-course/dbt_project.yml
[0m13:36:01.828297 [info ] [MainThread]: Configuration:
[0m13:36:01.828380 [info ] [MainThread]:   profiles.yml file [[31mERROR not found[0m]
[0m13:36:01.828458 [info ] [MainThread]:   dbt_project.yml file [[31mERROR not found[0m]
[0m13:36:01.828536 [info ] [MainThread]: Required dependencies:
[0m13:36:01.828652 [debug] [MainThread]: Executing "git --help"
[0m13:36:01.838597 [debug] [MainThread]: STDOUT: "b"usage: git [-v | --version] [-h | --help] [-C <path>] [-c <name>=<value>]\n           [--exec-path[=<path>]] [--html-path] [--man-path] [--info-path]\n           [-p | --paginate | -P | --no-pager] [--no-replace-objects] [--no-lazy-fetch]\n           [--no-optional-locks] [--no-advice] [--bare] [--git-dir=<path>]\n           [--work-tree=<path>] [--namespace=<name>] [--config-env=<name>=<envvar>]\n           <command> [<args>]\n\nThese are common Git commands used in various situations:\n\nstart a working area (see also: git help tutorial)\n   clone      Clone a repository into a new directory\n   init       Create an empty Git repository or reinitialize an existing one\n\nwork on the current change (see also: git help everyday)\n   add        Add file contents to the index\n   mv         Move or rename a file, a directory, or a symlink\n   restore    Restore working tree files\n   rm         Remove files from the working tree and from the index\n\nexamine the history and state (see also: git help revisions)\n   bisect     Use binary search to find the commit that introduced a bug\n   diff       Show changes between commits, commit and working tree, etc\n   grep       Print lines matching a pattern\n   log        Show commit logs\n   show       Show various types of objects\n   status     Show the working tree status\n\ngrow, mark and tweak your common history\n   backfill   Download missing objects in a partial clone\n   branch     List, create, or delete branches\n   commit     Record changes to the repository\n   merge      Join two or more development histories together\n   rebase     Reapply commits on top of another base tip\n   reset      Reset current HEAD to the specified state\n   switch     Switch branches\n   tag        Create, list, delete or verify a tag object signed with GPG\n\ncollaborate (see also: git help workflows)\n   fetch      Download objects and refs from another repository\n   pull       Fetch from and integrate with another repository or a local branch\n   push       Update remote refs along with associated objects\n\n'git help -a' and 'git help -g' list available subcommands and some\nconcept guides. See 'git help <command>' or 'git help <concept>'\nto read about a specific subcommand or concept.\nSee 'git help git' for an overview of the system.\n""
[0m13:36:01.838938 [debug] [MainThread]: STDERR: "b''"
[0m13:36:01.839051 [info ] [MainThread]:  - git [[32mOK found[0m]

[0m13:36:01.839154 [info ] [MainThread]: Connection test skipped since no profile was found
[0m13:36:01.839340 [info ] [MainThread]: [31m2 checks failed:[0m
[0m13:36:01.839431 [info ] [MainThread]: dbt looked for a profiles.yml file in /Users/vamsi.sundaraneedi/.dbt/profiles.yml, but did
not find one. For more information on configuring your profile, consult the
documentation:

https://docs.getdbt.com/docs/configure-your-profile


[0m13:36:01.839531 [info ] [MainThread]: Project loading failed for the following reason:
 project path </Users/vamsi.sundaraneedi/Documents/git_repos/dbt-course/dbt_project.yml> not found

[0m13:36:01.841386 [debug] [MainThread]: Resource report: {"command_name": "debug", "command_success": false, "command_wall_clock_time": 0.060216084, "process_in_blocks": "0", "process_kernel_time": 0.109496, "process_mem_max_rss": "113197056", "process_out_blocks": "0", "process_user_time": 0.491437}
[0m13:36:01.841627 [debug] [MainThread]: Command `dbt debug` failed at 13:36:01.841580 after 0.06 seconds
[0m13:36:01.841822 [debug] [MainThread]: Sending event: {'category': 'dbt', 'action': 'invocation', 'label': 'end', 'context': [<snowplow_tracker.self_describing_json.SelfDescribingJson object at 0x109e67230>, <snowplow_tracker.self_describing_json.SelfDescribingJson object at 0x109d2f2f0>, <snowplow_tracker.self_describing_json.SelfDescribingJson object at 0x109f34af0>]}
[0m13:36:01.841971 [debug] [MainThread]: Flushing usage events
[0m13:36:02.770895 [debug] [MainThread]: An error was encountered while trying to flush usage events
